  Determining projects to restore...
  All projects are up-to-date for restore.
E:\source\repos\RoslynSentinel\RoslynSentinel.Server\ArchitecturalEngine.cs(38,35): warning CS8602: Dereference of a possibly null reference. [E:\source\repos\RoslynSentinel\RoslynSentinel.Server\RoslynSentinel.Server.csproj]
E:\source\repos\RoslynSentinel\RoslynSentinel.Server\ApiIntegrationEngine.cs(26,35): warning CS8602: Dereference of a possibly null reference. [E:\source\repos\RoslynSentinel\RoslynSentinel.Server\RoslynSentinel.Server.csproj]
E:\source\repos\RoslynSentinel\RoslynSentinel.Server\CodeStyleEngine.cs(54,46): warning CS8602: Dereference of a possibly null reference. [E:\source\repos\RoslynSentinel\RoslynSentinel.Server\RoslynSentinel.Server.csproj]
E:\source\repos\RoslynSentinel\RoslynSentinel.Server\DependencyEngine.cs(81,87): warning CS8604: Possible null reference argument for parameter 'item' in 'bool HashSet<string>.Contains(string item)'. [E:\source\repos\RoslynSentinel\RoslynSentinel.Server\RoslynSentinel.Server.csproj]
E:\source\repos\RoslynSentinel\RoslynSentinel.Server\ControlFlowEngine.cs(158,25): warning CS8602: Dereference of a possibly null reference. [E:\source\repos\RoslynSentinel\RoslynSentinel.Server\RoslynSentinel.Server.csproj]
E:\source\repos\RoslynSentinel\RoslynSentinel.Server\ControlFlowEngine.cs(234,13): warning CS8602: Dereference of a possibly null reference. [E:\source\repos\RoslynSentinel\RoslynSentinel.Server\RoslynSentinel.Server.csproj]
E:\source\repos\RoslynSentinel\RoslynSentinel.Server\AdvancedRefactoringEngine.cs(234,70): warning CS8602: Dereference of a possibly null reference. [E:\source\repos\RoslynSentinel\RoslynSentinel.Server\RoslynSentinel.Server.csproj]
E:\source\repos\RoslynSentinel\RoslynSentinel.Server\DocumentationEngine.cs(64,35): warning CS8602: Dereference of a possibly null reference. [E:\source\repos\RoslynSentinel\RoslynSentinel.Server\RoslynSentinel.Server.csproj]
E:\source\repos\RoslynSentinel\RoslynSentinel.Server\InstrumentationEngine.cs(99,35): warning CS8602: Dereference of a possibly null reference. [E:\source\repos\RoslynSentinel\RoslynSentinel.Server\RoslynSentinel.Server.csproj]
E:\source\repos\RoslynSentinel\RoslynSentinel.Server\LogicOptimizationEngine.cs(182,34): error CS8121: An expression of type 'ElseClauseSyntax' cannot be handled by a pattern of type 'IfStatementSyntax'. [E:\source\repos\RoslynSentinel\RoslynSentinel.Server\RoslynSentinel.Server.csproj]
E:\source\repos\RoslynSentinel\RoslynSentinel.Server\LogicOptimizationEngine.cs(208,27): warning CS8625: Cannot convert null literal to non-nullable reference type. [E:\source\repos\RoslynSentinel\RoslynSentinel.Server\RoslynSentinel.Server.csproj]
E:\source\repos\RoslynSentinel\RoslynSentinel.Server\LogicOptimizationEngine.cs(229,27): warning CS8625: Cannot convert null literal to non-nullable reference type. [E:\source\repos\RoslynSentinel\RoslynSentinel.Server\RoslynSentinel.Server.csproj]
E:\source\repos\RoslynSentinel\RoslynSentinel.Server\LogicOptimizationEngine.cs(250,21): warning CS8625: Cannot convert null literal to non-nullable reference type. [E:\source\repos\RoslynSentinel\RoslynSentinel.Server\RoslynSentinel.Server.csproj]
E:\source\repos\RoslynSentinel\RoslynSentinel.Server\RefinementEngine.cs(158,16): warning CS8631: The type 'Microsoft.CodeAnalysis.SyntaxNode?' cannot be used as type parameter 'TNode' in the generic type or method 'SyntaxNodeExtensions.NormalizeWhitespace<TNode>(TNode, string, string, bool)'. Nullability of type argument 'Microsoft.CodeAnalysis.SyntaxNode?' doesn't match constraint type 'Microsoft.CodeAnalysis.SyntaxNode'. [E:\source\repos\RoslynSentinel\RoslynSentinel.Server\RoslynSentinel.Server.csproj]
E:\source\repos\RoslynSentinel\RoslynSentinel.Server\RefinementEngine.cs(158,16): warning CS8602: Dereference of a possibly null reference. [E:\source\repos\RoslynSentinel\RoslynSentinel.Server\RoslynSentinel.Server.csproj]
E:\source\repos\RoslynSentinel\RoslynSentinel.Server\RefactoringEngine.cs(1347,28): warning CS8602: Dereference of a possibly null reference. [E:\source\repos\RoslynSentinel\RoslynSentinel.Server\RoslynSentinel.Server.csproj]

Build FAILED.

E:\source\repos\RoslynSentinel\RoslynSentinel.Server\ArchitecturalEngine.cs(38,35): warning CS8602: Dereference of a possibly null reference. [E:\source\repos\RoslynSentinel\RoslynSentinel.Server\RoslynSentinel.Server.csproj]
E:\source\repos\RoslynSentinel\RoslynSentinel.Server\ApiIntegrationEngine.cs(26,35): warning CS8602: Dereference of a possibly null reference. [E:\source\repos\RoslynSentinel\RoslynSentinel.Server\RoslynSentinel.Server.csproj]
E:\source\repos\RoslynSentinel\RoslynSentinel.Server\CodeStyleEngine.cs(54,46): warning CS8602: Dereference of a possibly null reference. [E:\source\repos\RoslynSentinel\RoslynSentinel.Server\RoslynSentinel.Server.csproj]
E:\source\repos\RoslynSentinel\RoslynSentinel.Server\DependencyEngine.cs(81,87): warning CS8604: Possible null reference argument for parameter 'item' in 'bool HashSet<string>.Contains(string item)'. [E:\source\repos\RoslynSentinel\RoslynSentinel.Server\RoslynSentinel.Server.csproj]
E:\source\repos\RoslynSentinel\RoslynSentinel.Server\ControlFlowEngine.cs(158,25): warning CS8602: Dereference of a possibly null reference. [E:\source\repos\RoslynSentinel\RoslynSentinel.Server\RoslynSentinel.Server.csproj]
E:\source\repos\RoslynSentinel\RoslynSentinel.Server\ControlFlowEngine.cs(234,13): warning CS8602: Dereference of a possibly null reference. [E:\source\repos\RoslynSentinel\RoslynSentinel.Server\RoslynSentinel.Server.csproj]
E:\source\repos\RoslynSentinel\RoslynSentinel.Server\AdvancedRefactoringEngine.cs(234,70): warning CS8602: Dereference of a possibly null reference. [E:\source\repos\RoslynSentinel\RoslynSentinel.Server\RoslynSentinel.Server.csproj]
E:\source\repos\RoslynSentinel\RoslynSentinel.Server\DocumentationEngine.cs(64,35): warning CS8602: Dereference of a possibly null reference. [E:\source\repos\RoslynSentinel\RoslynSentinel.Server\RoslynSentinel.Server.csproj]
E:\source\repos\RoslynSentinel\RoslynSentinel.Server\InstrumentationEngine.cs(99,35): warning CS8602: Dereference of a possibly null reference. [E:\source\repos\RoslynSentinel\RoslynSentinel.Server\RoslynSentinel.Server.csproj]
E:\source\repos\RoslynSentinel\RoslynSentinel.Server\LogicOptimizationEngine.cs(208,27): warning CS8625: Cannot convert null literal to non-nullable reference type. [E:\source\repos\RoslynSentinel\RoslynSentinel.Server\RoslynSentinel.Server.csproj]
E:\source\repos\RoslynSentinel\RoslynSentinel.Server\LogicOptimizationEngine.cs(229,27): warning CS8625: Cannot convert null literal to non-nullable reference type. [E:\source\repos\RoslynSentinel\RoslynSentinel.Server\RoslynSentinel.Server.csproj]
E:\source\repos\RoslynSentinel\RoslynSentinel.Server\LogicOptimizationEngine.cs(250,21): warning CS8625: Cannot convert null literal to non-nullable reference type. [E:\source\repos\RoslynSentinel\RoslynSentinel.Server\RoslynSentinel.Server.csproj]
E:\source\repos\RoslynSentinel\RoslynSentinel.Server\RefinementEngine.cs(158,16): warning CS8631: The type 'Microsoft.CodeAnalysis.SyntaxNode?' cannot be used as type parameter 'TNode' in the generic type or method 'SyntaxNodeExtensions.NormalizeWhitespace<TNode>(TNode, string, string, bool)'. Nullability of type argument 'Microsoft.CodeAnalysis.SyntaxNode?' doesn't match constraint type 'Microsoft.CodeAnalysis.SyntaxNode'. [E:\source\repos\RoslynSentinel\RoslynSentinel.Server\RoslynSentinel.Server.csproj]
E:\source\repos\RoslynSentinel\RoslynSentinel.Server\RefinementEngine.cs(158,16): warning CS8602: Dereference of a possibly null reference. [E:\source\repos\RoslynSentinel\RoslynSentinel.Server\RoslynSentinel.Server.csproj]
E:\source\repos\RoslynSentinel\RoslynSentinel.Server\RefactoringEngine.cs(1347,28): warning CS8602: Dereference of a possibly null reference. [E:\source\repos\RoslynSentinel\RoslynSentinel.Server\RoslynSentinel.Server.csproj]
E:\source\repos\RoslynSentinel\RoslynSentinel.Server\LogicOptimizationEngine.cs(182,34): error CS8121: An expression of type 'ElseClauseSyntax' cannot be handled by a pattern of type 'IfStatementSyntax'. [E:\source\repos\RoslynSentinel\RoslynSentinel.Server\RoslynSentinel.Server.csproj]
    15 Warning(s)
    1 Error(s)

Time Elapsed 00:00:01.75
