  Determining projects to restore...
  All projects are up-to-date for restore.
  RoslynSentinel.Server -> E:\source\repos\RoslynSentinel\RoslynSentinel.Server\bin\Debug\net10.0\RoslynSentinel.Server.dll
  RoslynSentinel.Tests -> E:\source\repos\RoslynSentinel\RoslynSentinel.Tests\bin\Debug\net10.0\RoslynSentinel.Tests.dll
Test run for E:\source\repos\RoslynSentinel\RoslynSentinel.Tests\bin\Debug\net10.0\RoslynSentinel.Tests.dll (.NETCoreApp,Version=v10.0)
A total of 1 test files matched the specified pattern.
  Failed ExtractLocalVariable_BinaryOperation_Addition_ExtractsCorrectly [285 ms]
  Error Message:
     Variable name must appear
Assert.That(result, Does.Contain("sum"))
  Expected: String containing "sum"
  But was:  "// 'result' is already a local variable ΓÇö nothing to extract."

  Stack Trace:
     at RoslynSentinel.Tests.ExtractLocalVariableTests.ExtractLocalVariable_BinaryOperation_Addition_ExtractsCorrectly() in E:\source\repos\RoslynSentinel\RoslynSentinel.Tests\ExtractLocalVariableTests.cs:line 145
   at NUnit.Framework.Internal.TaskAwaitAdapter.GenericAdapter`1.GetResult()
   at NUnit.Framework.Internal.AsyncToSyncAdapter.Await[TResult](TestExecutionContext context, Func`1 invoke)
   at NUnit.Framework.Internal.AsyncToSyncAdapter.Await(TestExecutionContext context, Func`1 invoke)
   at NUnit.Framework.Internal.Commands.TestMethodCommand.RunTestMethod(TestExecutionContext context)
   at NUnit.Framework.Internal.Commands.TestMethodCommand.Execute(TestExecutionContext context)
   at NUnit.Framework.Internal.Commands.BeforeAndAfterTestCommand.<>c__DisplayClass1_0.<Execute>b__0()
   at NUnit.Framework.Internal.Commands.DelegatingTestCommand.RunTestMethodInThreadAbortSafeZone(TestExecutionContext context, Action action)

1)    at RoslynSentinel.Tests.ExtractLocalVariableTests.ExtractLocalVariable_BinaryOperation_Addition_ExtractsCorrectly() in E:\source\repos\RoslynSentinel\RoslynSentinel.Tests\ExtractLocalVariableTests.cs:line 145
   at System.Runtime.CompilerServices.AsyncMethodBuilderCore.Start[TStateMachine](TStateMachine& stateMachine)
   at RoslynSentinel.Tests.ExtractLocalVariableTests.ExtractLocalVariable_BinaryOperation_Addition_ExtractsCorrectly()



Failed!  - Failed:     1, Passed:     0, Skipped:     0, Total:     1, Duration: 285 ms - RoslynSentinel.Tests.dll (net10.0)
