Test run for E:\source\repos\RoslynSentinel\RoslynSentinel.Tests\bin\Debug\net10.0\RoslynSentinel.Tests.dll (.NETCoreApp,Version=v10.0)
A total of 1 test files matched the specified pattern.
  Failed GenerateFluentBuilder_DiClass_ThrowsDescriptiveException [21 ms]
  Error Message:
     Assert.That(caughtException, expression)
  Expected: <System.InvalidOperationException>
  But was:  null

  Stack Trace:
     at RoslynSentinel.Tests.Bug7BatchRegressionTests.GenerateFluentBuilder_DiClass_ThrowsDescriptiveException() in E:\source\repos\RoslynSentinel\RoslynSentinel.Tests\BugFixTests.cs:line 370

1)    at RoslynSentinel.Tests.Bug7BatchRegressionTests.GenerateFluentBuilder_DiClass_ThrowsDescriptiveException() in E:\source\repos\RoslynSentinel\RoslynSentinel.Tests\BugFixTests.cs:line 370



Failed!  - Failed:     1, Passed:   527, Skipped:     0, Total:   528, Duration: 6 s - RoslynSentinel.Tests.dll (net10.0)

